<wxlog>
  <threadId>#main</threadId>
  <timestamp>17:38:39:5717</timestamp>
  <msgtype>MsgWXLogLaunch</msgtype>
  <content>[The WXLogger is launched!]</content>
  <stackFrames>
[CALL STACK][0]: Method:WXTextureTools.Application.Options.OptionsConfig..ctor; File:.0
[CALL STACK][1]: Method:WXTextureTools.Application.App..ctor; File:.0
[CALL STACK][2]: Method:WXTextureTools.Program.Main; File:.0
</stackFrames>
</wxlog>
<wxlog>
  <threadId>#main</threadId>
  <timestamp>17:38:39:5822</timestamp>
  <msgtype>MsgMixture</msgtype>
  <content>string|String[]
OptionsConfig,-option=fbDecompress
-classDataPath=C:/Users/ChuYi/Desktop/Unity/xm/liangxin/LX/Assets\WX-WASM-SDK-V2\Editor/TextureEditor/classdata.tpk
-dataDir=C:/Users/ChuYi/Desktop/Unity/xm/liangxin/LX/TextToolDatas
-sourcePath=C:/Users/ChuYi/Desktop/Unity/xm/liangxin/LX/TextToolDatas\slim\backup.txt
</content>
  <stackFrames>
[CALL STACK][0]: Method:WXTextureTools.Application.App..ctor; File:.0
[CALL STACK][1]: Method:WXTextureTools.Program.Main; File:.0
</stackFrames>
</wxlog>
<wxlog>
  <threadId>#main</threadId>
  <timestamp>17:38:39:5843</timestamp>
  <msgtype>MsgMixture</msgtype>
  <content>string|string
UnityBridgeHandler - SetDataDir,C:/Users/ChuYi/Desktop/Unity/xm/liangxin/LX/TextToolDatas\temp</content>
  <stackFrames>
[CALL STACK][0]: Method:WXTextureTools.Program.Main; File:.0
</stackFrames>
</wxlog>
<wxlog>
  <threadId>#main</threadId>
  <timestamp>17:38:39:5965</timestamp>
  <msgtype>MsgMixture</msgtype>
  <content>string|string
BundlePicRecord initFile,C:/Users/ChuYi/Desktop/Unity/xm/liangxin/LX/TextToolDatas\FIRSTBUNDLETEXTURES.json</content>
  <stackFrames>
[CALL STACK][0]: Method:WXTextureTools.Application.AppCmdExec.WXFirstBundleDecompressExec.todo; File:.0
[CALL STACK][1]: Method:WXTextureTools.Application.App.process; File:.0
[CALL STACK][2]: Method:WXTextureTools.Application.App..ctor; File:.0
</stackFrames>
</wxlog>
<wxlog>
  <threadId>#main</threadId>
  <timestamp>17:38:39:5975</timestamp>
  <msgtype>MsgString</msgtype>
  <content>BundlePicRecord initFile File</content>
  <stackFrames>
[CALL STACK][0]: Method:WXTextureTools.Application.AppCmdExec.WXFirstBundleDecompressExec.todo; File:.0
[CALL STACK][1]: Method:WXTextureTools.Application.App.process; File:.0
[CALL STACK][2]: Method:WXTextureTools.Application.App..ctor; File:.0
</stackFrames>
</wxlog>
<wxlog>
  <threadId>#main</threadId>
  <timestamp>17:38:39:5981</timestamp>
  <msgtype>MsgMixture</msgtype>
  <content>string|string
BundlePicRecord readAllRecord,</content>
  <stackFrames>
[CALL STACK][0]: Method:WXTextureTools.Application.App.process; File:.0
[CALL STACK][1]: Method:WXTextureTools.Application.App..ctor; File:.0
[CALL STACK][2]: Method:WXTextureTools.Program.Main; File:.0
</stackFrames>
</wxlog>
<wxlog>
  <threadId>#main</threadId>
  <timestamp>17:38:42:7826</timestamp>
  <msgtype>MsgMixture</msgtype>
  <content>string|string
BundlePicRecord save,{"timestamp":0,"files":[{"path":"C:/Users/ChuYi/Desktop/Unity/xm/liangxin/LX/TextToolDatas\\slim\\backup.txt","dstPath":null,"md5":"338a428f1503b140","textures":[{"width":128,"height":128,"name":"Soft.c1d63e75","astc":null,"limittype":null},{"width":128,"height":58,"name":"UnityWatermark-small.d7411008","astc":null,"limittype":"1"},{"width":74,"height":71,"name":"EscToExit_back.21b1540e","astc":null,"limittype":"1"},{"width":267,"height":20,"name":"EscToExit_Text.2e1ee8b4","astc":null,"limittype":"1"},{"width":512,"height":94,"name":"UnityWatermark-trial-big.66f46ac8","astc":null,"limittype":"1"},{"width":76,"height":14,"name":"UnityWatermark-trial.60b4e34e","astc":null,"limittype":"1"},{"width":127,"height":17,"name":"UnityWatermark-beta.dd37c61b","astc":null,"limittype":"1"},{"width":148,"height":17,"name":"UnityWatermark-edu.a8c472ae","astc":null,"limittype":"1"},{"width":115,"height":17,"name":"UnityWatermark-dev.ae1fc174","astc":null,"limittype":"1"},{"width":64,"height":64,"name":"WarningSign.59b8d955","astc":null,"limittype":null},{"width":87,"height":13,"name":"UnityWatermark-proto.5084375a","astc":null,"limittype":"1"},{"width":66,"height":17,"name":"UnityWatermarkPlugin-beta.52403834","astc":null,"limittype":"1"},{"width":12,"height":12,"name":"box.643f5df8","astc":null,"limittype":null},{"width":12,"height":12,"name":"button%20active.c15aedb7","astc":null,"limittype":null},{"width":12,"height":12,"name":"button%20hover.42efb15e","astc":null,"limittype":null},{"width":12,"height":12,"name":"button%20on%20hover.2c40c4b8","astc":null,"limittype":null},{"width":12,"height":12,"name":"button%20on.7ff0e5a1","astc":null,"limittype":null},{"width":12,"height":12,"name":"button.bdec6b82","astc":null,"limittype":null},{"width":12,"height":12,"name":"horizontal%20scrollbar%20thumb.4137b46d","astc":null,"limittype":null},{"width":18,"height":15,"name":"horizontal%20scrollbar.0ac38291","astc":null,"limittype":"1"},{"width":8,"height":7,"name":"horizontalslider.722f02b2","astc":null,"limittype":"1"},{"width":8,"height":12,"name":"slider%20thumb%20active.168a62a9","astc":null,"limittype":null},{"width":8,"height":12,"name":"slider%20thumb.a7acef71","astc":null,"limittype":null},{"width":8,"height":12,"name":"slidert%20humb%20hover.0c248117","astc":null,"limittype":null},{"width":14,"height":14,"name":"toggle%20active.e32a2ca9","astc":null,"limittype":"1"},{"width":14,"height":14,"name":"toggle%20hover.614620f6","astc":null,"limittype":"1"},{"width":14,"height":14,"name":"toggle%20on%20hover.528d6b34","astc":null,"limittype":"1"},{"width":14,"height":14,"name":"toggle%20on.1f99750a","astc":null,"limittype":"1"},{"width":14,"height":14,"name":"toggle%20on%20active.9d52caeb","astc":null,"limittype":"1"},{"width":14,"height":14,"name":"toggle.6eafbcb0","astc":null,"limittype":"1"},{"width":12,"height":12,"name":"vertical%20scrollbar%20thumb.7ba97313","astc":null,"limittype":null},{"width":15,"height":18,"name":"vertical%20scrollbar.d38290f1","astc":null,"limittype":"1"},{"width":7,"height":8,"name":"verticalslider.58266f5f","astc":null,"limittype":"1"},{"width":17,"height":27,"name":"window%20on.38a76040","astc":null,"limittype":"1"},{"width":17,"height":27,"name":"window.a62d1258","astc":null,"limittype":"1"},{"width":12,"height":12,"name":"textfield.a75d69ec","astc":null,"limittype":null},{"width":12,"height":12,"name":"textfield%20on.f2c2fb5c","astc":null,"limittype":null},{"width":12,"height":12,"name":"textfield%20hover.8c7ae9d8","astc":null,"limittype":null},{"width":32,"height":32,"name":"UnitySplash-HolographicTrackingLoss.cbf38e69","astc":null,"limittype":null},{"width":2048,"height":1024,"name":"Splash%20Screen%20Unity%20Logo.05ef6840","astc":null,"limittype":null},{"width":16,"height":16,"name":"LDR_LLL1_9.a46e05d1","astc":null,"limittype":null},{"width":512,"height":512,"name":"Medium01.f1d8276c","astc":null,"limittype":null},{"width":16,"height":16,"name":"LDR_LLL1_23.12394256","astc":null,"limittype":null},{"width":16,"height":16,"name":"LDR_LLL1_2.b981d457","astc":null,"limittype":null},{"width":16,"height":16,"name":"LDR_LLL1_17.0a778e95","astc":null,"limittype":null},{"width":16,"height":16,"name":"LDR_LLL1_31.b44b064e","astc":null,"limittype":null},{"width":16,"height":16,"name":"LDR_LLL1_25.9277009a","astc":null,"limittype":null},{"width":16,"height":16,"name":"LDR_LLL1_4.433b2b1c","astc":null,"limittype":null},{"width":16,"height":16,"name":"LDR_LLL1_6.4577ea59","astc":null,"limittype":null},{"width":16,"height":16,"name":"LDR_LLL1_14.d65b0304","astc":null,"limittype":null},{"width":16,"height":16,"name":"LDR_LLL1_15.e9cab65c","astc":null,"limittype":null},{"width":512,"height":512,"name":"Medium05.a0883dab","astc":null,"limittype":null},{"width":64,"height":16,"name":"SearchTex.ee3d8026","astc":null,"limittype":null},{"width":2048,"height":128,"name":"FalloffLookupTexture.88ed1a7a","astc":null,"limittype":null},{"width":512,"height":512,"name":"Large02.41fa8438","astc":null,"limittype":null},{"width":512,"height":512,"name":"Thin01.56a8f501","astc":null,"limittype":null},{"width":16,"height":16,"name":"LDR_LLL1_3.4e6530d8","astc":null,"limittype":null},{"width":16,"height":16,"name":"LDR_LLL1_0.fce750bc","astc":null,"limittype":null},{"width":16,"height":16,"name":"LDR_LLL1_30.2caced0f","astc":null,"limittype":null},{"width":16,"height":16,"name":"LDR_LLL1_10.ccbfbea1","astc":null,"limittype":null},{"width":512,"height":512,"name":"Medium03.f0f38459","astc":null,"limittype":null},{"width":16,"height":16,"name":"LDR_LLL1_16.91786237","astc":null,"limittype":null},{"width":16,"height":16,"name":"LDR_LLL1_24.fea23955","astc":null,"limittype":null},{"width":512,"height":512,"name":"Medium06.7e3bde6c","astc":null,"limittype":null},{"width":512,"height":512,"name":"Medium04.eec9b966","astc":null,"limittype":null},{"width":16,"height":16,"name":"LDR_LLL1_12.3660b0d6","astc":null,"limittype":null},{"width":16,"height":16,"name":"LDR_LLL1_7.eefd977a","astc":null,"limittype":null},{"width":16,"height":16,"name":"LDR_LLL1_27.1182195e","astc":null,"limittype":null},{"width":16,"height":16,"name":"LDR_LLL1_20.3b09ec52","astc":null,"limittype":null},{"width":16,"height":16,"name":"LDR_LLL1_26.d74d282c","astc":null,"limittype":null},{"width":160,"height":560,"name":"AreaTex.7befc2ae","astc":null,"limittype":null},{"width":16,"height":16,"name":"LDR_LLL1_18.0ae6826f","astc":null,"limittype":null},{"width":16,"height":16,"name":"LDR_LLL1_19.bb8b897f","astc":null,"limittype":null},{"width":16,"height":16,"name":"LDR_LLL1_1.e6e26115","astc":null,"limittype":null},{"width":16,"height":16,"name":"LDR_LLL1_13.8d38e0bf","astc":null,"limittype":null},{"width":16,"height":16,"name":"LDR_LLL1_21.c75c847e","astc":null,"limittype":null},{"width":512,"height":512,"name":"Thin02.85ffa087","astc":null,"limittype":null},{"width":64,"height":64,"name":"LDR_LLL1_0.1e9160f6","astc":null,"limittype":null},{"width":16,"height":16,"name":"LDR_LLL1_5.a916a824","astc":null,"limittype":null},{"width":16,"height":16,"name":"LDR_LLL1_8.93acaa37","astc":null,"limittype":null},{"width":512,"height":512,"name":"Medium02.fadc964a","astc":null,"limittype":null},{"width":16,"height":16,"name":"LDR_LLL1_22.a1e80e7a","astc":null,"limittype":null},{"width":4,"height":4,"name":"BayerMatrix.407551c1","astc":null,"limittype":null},{"width":16,"height":16,"name":"LDR_LLL1_29.10e196e1","astc":null,"limittype":null},{"width":16,"height":16,"name":"LDR_LLL1_11.8901a3fa","astc":null,"limittype":null},{"width":512,"height":512,"name":"Large01.636f1e2c","astc":null,"limittype":null},{"width":16,"height":16,"name":"LDR_LLL1_28.d5296d58","astc":null,"limittype":null},{"width":1024,"height":1024,"name":"LaoBan.bbfa2430","astc":"6x6","limittype":null},{"width":256,"height":256,"name":"Square.29bb4c6c","astc":"6x6","limittype":null},{"width":32,"height":32,"name":"UISprite.b48f75d0","astc":null,"limittype":null},{"width":32,"height":32,"name":"Background.665e03a7","astc":null,"limittype":null},{"width":32,"height":32,"name":"UIMask.09363183","astc":null,"limittype":null},{"width":64,"height":64,"name":"Wipe%20Pattern%20-%20Circle.55244ce5","astc":null,"limittype":null},{"width":1,"height":1,"name":"White1px.f8d314fe","astc":null,"limittype":"1"},{"width":512,"height":256,"name":"Sunny%20Days%20-%20Seamless.5801f138","astc":"6x6","limittype":null},{"width":512,"height":512,"name":"Fruit%20Jelly%20(B&amp;W).28c5f5cf","astc":"6x6","limittype":null},{"width":512,"height":512,"name":"Floor%20Cement.0acc8acf","astc":"6x6","limittype":null},{"width":4,"height":4,"name":"handles_aaline.d2f9c6f7","astc":null,"limittype":null},{"width":16,"height":16,"name":"Gradient%20Diagonal%20(Color).d99f4eb0","astc":"6x6","limittype":null},{"width":64,"height":4,"name":"line_falloff_1px.586fecf7","astc":null,"limittype":null},{"width":11,"height":11,"name":"UIFoldoutClosed.89295238","astc":null,"limittype":"1"},{"width":512,"height":512,"name":"Default%20Sprites.05de9bc0","astc":"4x4","limittype":null},{"width":1024,"height":128,"name":"aline_fallback_font.9a10a5b3","astc":null,"limittype":null},{"width":11,"height":11,"name":"UIFoldoutOpened.84255435","astc":null,"limittype":"1"},{"width":11,"height":11,"name":"UICheckMark.d924f22b","astc":null,"limittype":"1"},{"width":1024,"height":1024,"name":"LiangXin.5d86803f","astc":"6x6","limittype":null},{"width":1024,"height":1024,"name":"ZiJin.8fd89661","astc":"6x6","limittype":null},{"width":1024,"height":128,"name":"aline_font.fd7cea36","astc":null,"limittype":null},{"width":8,"height":8,"name":"UIElement8px.f411169b","astc":null,"limittype":null},{"width":500,"height":500,"name":"W.a93f0cb1","astc":"6x6","limittype":null},{"width":512,"height":512,"name":"EmojiOne.5c604724","astc":"6x6","limittype":null},{"width":512,"height":256,"name":"Brushed%20Metal%203.6c436b8f","astc":"6x6","limittype":null},{"width":512,"height":512,"name":"DropCap%20Numbers.c728846f","astc":"6x6","limittype":null},{"width":1024,"height":1024,"name":"LiberationSans%20SDF%20Atlas.ac9f1c83","astc":null,"limittype":null},{"width":8192,"height":8192,"name":"JinNianYeYaoJiaYouYa%20SDF%20Atlas.bfa60626","astc":null,"limittype":null}]}]}</content>
  <stackFrames>
[CALL STACK][0]: Method:WXTextureTools.Application.App.process; File:.0
[CALL STACK][1]: Method:WXTextureTools.Application.App..ctor; File:.0
[CALL STACK][2]: Method:WXTextureTools.Program.Main; File:.0
</stackFrames>
</wxlog>
